MM> READ "proof-section.mm"
Reading source file "proof-section.mm"... 1010 bytes

?Error on line 23 of file "proof-section.mm":
z2 $p |- T $$.
             ^
A keyword must be followed by white space.


?Error on line 23 of file "proof-section.mm":
z2 $p |- T $$.
            ^^
A keyword must be preceded by white space.

1010 bytes were read into the source buffer.

?Error on line 23 of file "proof-section.mm" at statement 3, type "$p":
z2 $p |- T $$.
           ^^
Expected "$=" here.

?Error on line 23 of file "proof-section.mm" at statement 3, type "$p":
z2 $p |- T $$.
            ^^
Expected "$=" here.
The source has 4 statements; 1 are $a and 2 are $p.

?Error on line 23 of file "proof-section.mm" at statement 3, label "z2", type
"$p":
z2 $p |- T $$.
           ^^^
This math symbol was not declared (with a "$c" or "$v" statement).

?Error on line 23 of file "proof-section.mm" at statement 3, label "z2", type
"$p":
z2 $p |- T $$.
           ^^^
This variable does not occur in any active "$e" or "$f" hypothesis.  All
variables in "$a" and "$p" statements must appear in at least one such
hypothesis.

?Error on line 23 of file "proof-section.mm" at statement 3, label "z2", type
"$p":
z2 $p |- T $$.
The variable "$$." does not appear in an active "$f" statement.

7 errors were found.
MM> Continuous scrolling is now in effect.
MM> MM> MM> MM> MM> MM> 0 10%  20%  30%  40%  50%  60%  70%  80%  90% 100%
..................................................
MM> Statement 3 is located on line 23 of the file "proof-section.mm".  Its
statement number for HTML pages is 2.
""z2" has no "$=" at all, so no proof section should be recorded for
   it and its length must stay 0."
3 z2 $p |- T $$. $= ... $.
Its mandatory hypotheses in RPN order are:
  (None)
The statement and its hypotheses require the variables:  $$.
The variables it contains are:  $$.
MM> MM> ?The proof has a severe error and cannot be displayed or saved.
Remember to use WRITE SOURCE to save changes permanently.
MM> Writing "proof-section-plain.mm"...
4 source statement(s) were written.
MM> Tracing back through proofs for $a and $p statements needed...
   This may take up to 10 minutes.  (For audio alert when done,
   type ahead "b" then "<enter>".)
Determining which ${ and $} scoping statements are needed...
Adding in $e and $f hypotheses and $d provisos...
Determining which $c and $v statements are needed...
Locating the $t statement if any...
Analyzing scopes of section headings...
Building $c and $v statements for unused math tokens...
Creating the final output file "proof-section-out.mm"...
Extracted 4 statements incl. 1 $a (0 "ax-", 0 "df-"), 2 $p.
